Archive member included to satisfy reference by file (symbol)

c:/program files (x86)/atmel/studio/7.0/toolchain/avr8/avr8-gnu-toolchain/bin/../lib/gcc/avr/5.4.0/avr51\libgcc.a(_divmodhi4.o)
                              driver/FND/FND.o (__divmodhi4)
c:/program files (x86)/atmel/studio/7.0/toolchain/avr8/avr8-gnu-toolchain/bin/../lib/gcc/avr/5.4.0/avr51\libgcc.a(_divmodsi4.o)
                              driver/buzzer/buzzer.o (__divmodsi4)
c:/program files (x86)/atmel/studio/7.0/toolchain/avr8/avr8-gnu-toolchain/bin/../lib/gcc/avr/5.4.0/avr51\libgcc.a(_negsi2.o)
                              c:/program files (x86)/atmel/studio/7.0/toolchain/avr8/avr8-gnu-toolchain/bin/../lib/gcc/avr/5.4.0/avr51\libgcc.a(_divmodsi4.o) (__negsi2)
c:/program files (x86)/atmel/studio/7.0/toolchain/avr8/avr8-gnu-toolchain/bin/../lib/gcc/avr/5.4.0/avr51\libgcc.a(_exit.o)
                              C:/Program Files (x86)/Atmel/Studio/7.0/Packs/atmel/ATmega_DFP/1.7.374/gcc/dev/atmega128a/avr51/crtatmega128a.o (exit)
c:/program files (x86)/atmel/studio/7.0/toolchain/avr8/avr8-gnu-toolchain/bin/../lib/gcc/avr/5.4.0/avr51\libgcc.a(_copy_data.o)
                              ap/listener/listener.o (__do_copy_data)
c:/program files (x86)/atmel/studio/7.0/toolchain/avr8/avr8-gnu-toolchain/bin/../lib/gcc/avr/5.4.0/avr51\libgcc.a(_clear_bss.o)
                              ap/listener/listener.o (__do_clear_bss)
c:/program files (x86)/atmel/studio/7.0/toolchain/avr8/avr8-gnu-toolchain/bin/../lib/gcc/avr/5.4.0/avr51\libgcc.a(_umulhisi3.o)
                              ap/presenter/presenter.o (__umulhisi3)
c:/program files (x86)/atmel/studio/7.0/toolchain/avr8/avr8-gnu-toolchain/bin/../lib/gcc/avr/5.4.0/avr51\libgcc.a(_udivmodhi4.o)
                              c:/program files (x86)/atmel/studio/7.0/toolchain/avr8/avr8-gnu-toolchain/bin/../lib/gcc/avr/5.4.0/avr51\libgcc.a(_divmodhi4.o) (__udivmodhi4)
c:/program files (x86)/atmel/studio/7.0/toolchain/avr8/avr8-gnu-toolchain/bin/../lib/gcc/avr/5.4.0/avr51\libgcc.a(_udivmodsi4.o)
                              c:/program files (x86)/atmel/studio/7.0/toolchain/avr8/avr8-gnu-toolchain/bin/../lib/gcc/avr/5.4.0/avr51\libgcc.a(_divmodsi4.o) (__udivmodsi4)
c:/program files (x86)/atmel/studio/7.0/toolchain/avr8/avr8-gnu-toolchain/bin/../lib/gcc/avr/5.4.0/../../../../avr/lib/avr51\libc.a(strcmp.o)
                              ap/listener/listener.o (strcmp)
c:/program files (x86)/atmel/studio/7.0/toolchain/avr8/avr8-gnu-toolchain/bin/../lib/gcc/avr/5.4.0/../../../../avr/lib/avr51\libc.a(printf.o)
                              ap/listener/listener.o (printf)
c:/program files (x86)/atmel/studio/7.0/toolchain/avr8/avr8-gnu-toolchain/bin/../lib/gcc/avr/5.4.0/../../../../avr/lib/avr51\libc.a(puts.o)
                              periph/UART0/UART0_Queue.o (puts)
c:/program files (x86)/atmel/studio/7.0/toolchain/avr8/avr8-gnu-toolchain/bin/../lib/gcc/avr/5.4.0/../../../../avr/lib/avr51\libc.a(sprintf.o)
                              ap/presenter/presenter.o (sprintf)
c:/program files (x86)/atmel/studio/7.0/toolchain/avr8/avr8-gnu-toolchain/bin/../lib/gcc/avr/5.4.0/../../../../avr/lib/avr51\libc.a(vfprintf_std.o)
                              c:/program files (x86)/atmel/studio/7.0/toolchain/avr8/avr8-gnu-toolchain/bin/../lib/gcc/avr/5.4.0/../../../../avr/lib/avr51\libc.a(printf.o) (vfprintf)
c:/program files (x86)/atmel/studio/7.0/toolchain/avr8/avr8-gnu-toolchain/bin/../lib/gcc/avr/5.4.0/../../../../avr/lib/avr51\libc.a(strnlen_P.o)
                              c:/program files (x86)/atmel/studio/7.0/toolchain/avr8/avr8-gnu-toolchain/bin/../lib/gcc/avr/5.4.0/../../../../avr/lib/avr51\libc.a(vfprintf_std.o) (strnlen_P)
c:/program files (x86)/atmel/studio/7.0/toolchain/avr8/avr8-gnu-toolchain/bin/../lib/gcc/avr/5.4.0/../../../../avr/lib/avr51\libc.a(strnlen.o)
                              c:/program files (x86)/atmel/studio/7.0/toolchain/avr8/avr8-gnu-toolchain/bin/../lib/gcc/avr/5.4.0/../../../../avr/lib/avr51\libc.a(vfprintf_std.o) (strnlen)
c:/program files (x86)/atmel/studio/7.0/toolchain/avr8/avr8-gnu-toolchain/bin/../lib/gcc/avr/5.4.0/../../../../avr/lib/avr51\libc.a(fputc.o)
                              c:/program files (x86)/atmel/studio/7.0/toolchain/avr8/avr8-gnu-toolchain/bin/../lib/gcc/avr/5.4.0/../../../../avr/lib/avr51\libc.a(vfprintf_std.o) (fputc)
c:/program files (x86)/atmel/studio/7.0/toolchain/avr8/avr8-gnu-toolchain/bin/../lib/gcc/avr/5.4.0/../../../../avr/lib/avr51\libc.a(iob.o)
                              c:/program files (x86)/atmel/studio/7.0/toolchain/avr8/avr8-gnu-toolchain/bin/../lib/gcc/avr/5.4.0/../../../../avr/lib/avr51\libc.a(printf.o) (__iob)
c:/program files (x86)/atmel/studio/7.0/toolchain/avr8/avr8-gnu-toolchain/bin/../lib/gcc/avr/5.4.0/../../../../avr/lib/avr51\libc.a(ultoa_invert.o)
                              c:/program files (x86)/atmel/studio/7.0/toolchain/avr8/avr8-gnu-toolchain/bin/../lib/gcc/avr/5.4.0/../../../../avr/lib/avr51\libc.a(vfprintf_std.o) (__ultoa_invert)

Allocating common symbols
Common symbol       size              file

rear                0x1               periph/UART0/UART0_Queue.o
btn2_up             0x6               ap/listener/listener.o
rx_buff             0x320             periph/UART0/UART0_Queue.o
uart0RxFlag         0x1               periph/UART0/UART0_Queue.o
btn4_tm             0x6               ap/listener/listener.o
flagData            0x1               ap/model/model_timerSecNFlag.o
fanModeStateData    0x1               ap/model/model_fanModeState.o
btn3_sp             0x6               ap/listener/listener.o
milisec             0x2               ap/service/service_timerModeCare.o
front               0x1               periph/UART0/UART0_Queue.o
timerSec            0x2               ap/service/service_timerModeCare.o
timerModeStateData  0x1               ap/model/model_timerModeState.o
btn1_dn             0x6               ap/listener/listener.o
fanModeState        0x1               ap/presenter/presenter.o
btn0_stop           0x6               ap/listener/listener.o
uart0RxBuff         0x64              periph/UART0/UART0_Queue.o
__iob               0x6               c:/program files (x86)/atmel/studio/7.0/toolchain/avr8/avr8-gnu-toolchain/bin/../lib/gcc/avr/5.4.0/../../../../avr/lib/avr51\libc.a(iob.o)

Discarded input sections

 .data          0x00000000        0x0 C:/Program Files (x86)/Atmel/Studio/7.0/Packs/atmel/ATmega_DFP/1.7.374/gcc/dev/atmega128a/avr51/crtatmega128a.o
 .bss           0x00000000        0x0 C:/Program Files (x86)/Atmel/Studio/7.0/Packs/atmel/ATmega_DFP/1.7.374/gcc/dev/atmega128a/avr51/crtatmega128a.o
 .text          0x00000000        0x0 ap/apMain.o
 .data          0x00000000        0x0 ap/apMain.o
 .bss           0x00000000        0x0 ap/apMain.o
 .text          0x00000000        0x0 ap/listener/listener.o
 .data          0x00000000        0x0 ap/listener/listener.o
 .bss           0x00000000        0x0 ap/listener/listener.o
 .data.OUTPUT   0x00000000        0xe ap/listener/listener.o
 .text          0x00000000        0x0 ap/model/model_fanModeState.o
 .data          0x00000000        0x0 ap/model/model_fanModeState.o
 .bss           0x00000000        0x0 ap/model/model_fanModeState.o
 .text          0x00000000        0x0 ap/model/model_timerModeState.o
 .data          0x00000000        0x0 ap/model/model_timerModeState.o
 .bss           0x00000000        0x0 ap/model/model_timerModeState.o
 .text          0x00000000        0x0 ap/model/model_timerSecNFlag.o
 .data          0x00000000        0x0 ap/model/model_timerSecNFlag.o
 .bss           0x00000000        0x0 ap/model/model_timerSecNFlag.o
 .text          0x00000000        0x0 ap/presenter/presenter.o
 .data          0x00000000        0x0 ap/presenter/presenter.o
 .bss           0x00000000        0x0 ap/presenter/presenter.o
 .text          0x00000000        0x0 ap/service/service_fanModeCare.o
 .data          0x00000000        0x0 ap/service/service_fanModeCare.o
 .bss           0x00000000        0x0 ap/service/service_fanModeCare.o
 .text          0x00000000        0x0 ap/service/service_timerModeCare.o
 .data          0x00000000        0x0 ap/service/service_timerModeCare.o
 .bss           0x00000000        0x0 ap/service/service_timerModeCare.o
 .text          0x00000000        0x0 driver/button/Button.o
 .data          0x00000000        0x0 driver/button/Button.o
 .bss           0x00000000        0x0 driver/button/Button.o
 .text          0x00000000        0x0 driver/buzzer/buzzer.o
 .data          0x00000000        0x0 driver/buzzer/buzzer.o
 .bss           0x00000000        0x0 driver/buzzer/buzzer.o
 .text.Buzzer_soundOn
                0x00000000        0xc driver/buzzer/buzzer.o
 .text.Buzzer_soundOff
                0x00000000        0xc driver/buzzer/buzzer.o
 .text.Buzzer_makeHertz
                0x00000000       0x4a driver/buzzer/buzzer.o
 .text.Buzzer_buttonOn
                0x00000000       0x86 driver/buzzer/buzzer.o
 .text.Buzzer_music1
                0x00000000       0x4a driver/buzzer/buzzer.o
 .text          0x00000000        0x0 driver/FND/FND.o
 .data          0x00000000        0x0 driver/FND/FND.o
 .bss           0x00000000        0x0 driver/FND/FND.o
 .text          0x00000000        0x0 driver/LCD/LCD.o
 .data          0x00000000        0x0 driver/LCD/LCD.o
 .bss           0x00000000        0x0 driver/LCD/LCD.o
 .text.LCD_clearDisplay
                0x00000000        0x8 driver/LCD/LCD.o
 .text          0x00000000        0x0 driver/motor/motor.o
 .data          0x00000000        0x0 driver/motor/motor.o
 .bss           0x00000000        0x0 driver/motor/motor.o
 .text          0x00000000        0x0 main.o
 .data          0x00000000        0x0 main.o
 .bss           0x00000000        0x0 main.o
 .text          0x00000000        0x0 periph/GPIO/GPIO.o
 .data          0x00000000        0x0 periph/GPIO/GPIO.o
 .bss           0x00000000        0x0 periph/GPIO/GPIO.o
 .text.Gpio_readPort
                0x00000000        0x6 periph/GPIO/GPIO.o
 .text.Gpio_readPin
                0x00000000       0x14 periph/GPIO/GPIO.o
 .text          0x00000000        0x0 periph/timer/TIM.o
 .data          0x00000000        0x0 periph/timer/TIM.o
 .bss           0x00000000        0x0 periph/timer/TIM.o
 .text          0x00000000        0x0 periph/UART0/UART0_Queue.o
 .data          0x00000000        0x0 periph/UART0/UART0_Queue.o
 .bss           0x00000000        0x0 periph/UART0/UART0_Queue.o
 .text.Queue_empty
                0x00000000       0x14 periph/UART0/UART0_Queue.o
 .text.Queue_deQueue
                0x00000000       0x34 periph/UART0/UART0_Queue.o
 .text.UART0_clearRxFlag
                0x00000000        0x6 periph/UART0/UART0_Queue.o
 .text.UART0_setRxFlag
                0x00000000        0x8 periph/UART0/UART0_Queue.o
 .text.UART0_getRxFlag
                0x00000000        0x6 periph/UART0/UART0_Queue.o
 .text.UART0_readRxBuff
                0x00000000        0x6 periph/UART0/UART0_Queue.o
 .text.UART0_transmit
                0x00000000        0x8 periph/UART0/UART0_Queue.o
 .text.UART0_receive
                0x00000000        0x8 periph/UART0/UART0_Queue.o
 .text.UART0_transmitString
                0x00000000       0x2c periph/UART0/UART0_Queue.o
 .text.UART0_Avail
                0x00000000        0xc periph/UART0/UART0_Queue.o
 .text          0x00000000        0x0 c:/program files (x86)/atmel/studio/7.0/toolchain/avr8/avr8-gnu-toolchain/bin/../lib/gcc/avr/5.4.0/avr51\libgcc.a(_divmodhi4.o)
 .data          0x00000000        0x0 c:/program files (x86)/atmel/studio/7.0/toolchain/avr8/avr8-gnu-toolchain/bin/../lib/gcc/avr/5.4.0/avr51\libgcc.a(_divmodhi4.o)
 .bss           0x00000000        0x0 c:/program files (x86)/atmel/studio/7.0/toolchain/avr8/avr8-gnu-toolchain/bin/../lib/gcc/avr/5.4.0/avr51\libgcc.a(_divmodhi4.o)
 .text.libgcc.mul
                0x00000000        0x0 c:/program files (x86)/atmel/studio/7.0/toolchain/avr8/avr8-gnu-toolchain/bin/../lib/gcc/avr/5.4.0/avr51\libgcc.a(_divmodhi4.o)
 .text.libgcc   0x00000000        0x0 c:/program files (x86)/atmel/studio/7.0/toolchain/avr8/avr8-gnu-toolchain/bin/../lib/gcc/avr/5.4.0/avr51\libgcc.a(_divmodhi4.o)
 .text.libgcc.prologue
                0x00000000        0x0 c:/program files (x86)/atmel/studio/7.0/toolchain/avr8/avr8-gnu-toolchain/bin/../lib/gcc/avr/5.4.0/avr51\libgcc.a(_divmodhi4.o)
 .text.libgcc.builtins
                0x00000000        0x0 c:/program files (x86)/atmel/studio/7.0/toolchain/avr8/avr8-gnu-toolchain/bin/../lib/gcc/avr/5.4.0/avr51\libgcc.a(_divmodhi4.o)
 .text.libgcc.fmul
                0x00000000        0x0 c:/program files (x86)/atmel/studio/7.0/toolchain/avr8/avr8-gnu-toolchain/bin/../lib/gcc/avr/5.4.0/avr51\libgcc.a(_divmodhi4.o)
 .text.libgcc.fixed
                0x00000000        0x0 c:/program files (x86)/atmel/studio/7.0/toolchain/avr8/avr8-gnu-toolchain/bin/../lib/gcc/avr/5.4.0/avr51\libgcc.a(_divmodhi4.o)
 .text          0x00000000        0x0 c:/program files (x86)/atmel/studio/7.0/toolchain/avr8/avr8-gnu-toolchain/bin/../lib/gcc/avr/5.4.0/avr51\libgcc.a(_divmodsi4.o)
 .data          0x00000000        0x0 c:/program files (x86)/atmel/studio/7.0/toolchain/avr8/avr8-gnu-toolchain/bin/../lib/gcc/avr/5.4.0/avr51\libgcc.a(_divmodsi4.o)
 .bss           0x00000000        0x0 c:/program files (x86)/atmel/studio/7.0/toolchain/avr8/avr8-gnu-toolchain/bin/../lib/gcc/avr/5.4.0/avr51\libgcc.a(_divmodsi4.o)
 .text.libgcc.mul
                0x00000000        0x0 c:/program files (x86)/atmel/studio/7.0/toolchain/avr8/avr8-gnu-toolchain/bin/../lib/gcc/avr/5.4.0/avr51\libgcc.a(_divmodsi4.o)
 .text.libgcc.div
                0x00000000       0x2e c:/program files (x86)/atmel/studio/7.0/toolchain/avr8/avr8-gnu-toolchain/bin/../lib/gcc/avr/5.4.0/avr51\libgcc.a(_divmodsi4.o)
 .text.libgcc   0x00000000        0x0 c:/program files (x86)/atmel/studio/7.0/toolchain/avr8/avr8-gnu-toolchain/bin/../lib/gcc/avr/5.4.0/avr51\libgcc.a(_divmodsi4.o)
 .text.libgcc.prologue
                0x00000000        0x0 c:/program files (x86)/atmel/studio/7.0/toolchain/avr8/avr8-gnu-toolchain/bin/../lib/gcc/avr/5.4.0/avr51\libgcc.a(_divmodsi4.o)
 .text.libgcc.builtins
                0x00000000        0x0 c:/program files (x86)/atmel/studio/7.0/toolchain/avr8/avr8-gnu-toolchain/bin/../lib/gcc/avr/5.4.0/avr51\libgcc.a(_divmodsi4.o)
 .text.libgcc.fmul
                0x00000000        0x0 c:/program files (x86)/atmel/studio/7.0/toolchain/avr8/avr8-gnu-toolchain/bin/../lib/gcc/avr/5.4.0/avr51\libgcc.a(_divmodsi4.o)
 .text.libgcc.fixed
                0x00000000        0x0 c:/program files (x86)/atmel/studio/7.0/toolchain/avr8/avr8-gnu-toolchain/bin/../lib/gcc/avr/5.4.0/avr51\libgcc.a(_divmodsi4.o)
 .text          0x00000000        0x0 c:/program files (x86)/atmel/studio/7.0/toolchain/avr8/avr8-gnu-toolchain/bin/../lib/gcc/avr/5.4.0/avr51\libgcc.a(_negsi2.o)
 .data          0x00000000        0x0 c:/program files (x86)/atmel/studio/7.0/toolchain/avr8/avr8-gnu-toolchain/bin/../lib/gcc/avr/5.4.0/avr51\libgcc.a(_negsi2.o)
 .bss           0x00000000        0x0 c:/program files (x86)/atmel/studio/7.0/toolchain/avr8/avr8-gnu-toolchain/bin/../lib/gcc/avr/5.4.0/avr51\libgcc.a(_negsi2.o)
 .text.libgcc.mul
                0x00000000        0x0 c:/program files (x86)/atmel/studio/7.0/toolchain/avr8/avr8-gnu-toolchain/bin/../lib/gcc/avr/5.4.0/avr51\libgcc.a(_negsi2.o)
 .text.libgcc.div
                0x00000000       0x10 c:/program files (x86)/atmel/studio/7.0/toolchain/avr8/avr8-gnu-toolchain/bin/../lib/gcc/avr/5.4.0/avr51\libgcc.a(_negsi2.o)
 .text.libgcc   0x00000000        0x0 c:/program files (x86)/atmel/studio/7.0/toolchain/avr8/avr8-gnu-toolchain/bin/../lib/gcc/avr/5.4.0/avr51\libgcc.a(_negsi2.o)
 .text.libgcc.prologue
                0x00000000        0x0 c:/program files (x86)/atmel/studio/7.0/toolchain/avr8/avr8-gnu-toolchain/bin/../lib/gcc/avr/5.4.0/avr51\libgcc.a(_negsi2.o)
 .text.libgcc.builtins
                0x00000000        0x0 c:/program files (x86)/atmel/studio/7.0/toolchain/avr8/avr8-gnu-toolchain/bin/../lib/gcc/avr/5.4.0/avr51\libgcc.a(_negsi2.o)
 .text.libgcc.fmul
                0x00000000        0x0 c:/program files (x86)/atmel/studio/7.0/toolchain/avr8/avr8-gnu-toolchain/bin/../lib/gcc/avr/5.4.0/avr51\libgcc.a(_negsi2.o)
 .text.libgcc.fixed
                0x00000000        0x0 c:/program files (x86)/atmel/studio/7.0/toolchain/avr8/avr8-gnu-toolchain/bin/../lib/gcc/avr/5.4.0/avr51\libgcc.a(_negsi2.o)
 .text          0x00000000        0x0 c:/program files (x86)/atmel/studio/7.0/toolchain/avr8/avr8-gnu-toolchain/bin/../lib/gcc/avr/5.4.0/avr51\libgcc.a(_exit.o)
 .data          0x00000000        0x0 c:/program files (x86)/atmel/studio/7.0/toolchain/avr8/avr8-gnu-toolchain/bin/../lib/gcc/avr/5.4.0/avr51\libgcc.a(_exit.o)
 .bss           0x00000000        0x0 c:/program files (x86)/atmel/studio/7.0/toolchain/avr8/avr8-gnu-toolchain/bin/../lib/gcc/avr/5.4.0/avr51\libgcc.a(_exit.o)
 .text.libgcc.mul
                0x00000000        0x0 c:/program files (x86)/atmel/studio/7.0/toolchain/avr8/avr8-gnu-toolchain/bin/../lib/gcc/avr/5.4.0/avr51\libgcc.a(_exit.o)
 .text.libgcc.div
                0x00000000        0x0 c:/program files (x86)/atmel/studio/7.0/toolchain/avr8/avr8-gnu-toolchain/bin/../lib/gcc/avr/5.4.0/avr51\libgcc.a(_exit.o)
 .text.libgcc   0x00000000        0x0 c:/program files (x86)/atmel/studio/7.0/toolchain/avr8/avr8-gnu-toolchain/bin/../lib/gcc/avr/5.4.0/avr51\libgcc.a(_exit.o)
 .text.libgcc.prologue
                0x00000000        0x0 c:/program files (x86)/atmel/studio/7.0/toolchain/avr8/avr8-gnu-toolchain/bin/../lib/gcc/avr/5.4.0/avr51\libgcc.a(_exit.o)
 .text.libgcc.builtins
                0x00000000        0x0 c:/program files (x86)/atmel/studio/7.0/toolchain/avr8/avr8-gnu-toolchain/bin/../lib/gcc/avr/5.4.0/avr51\libgcc.a(_exit.o)
 .text.libgcc.fmul
                0x00000000        0x0 c:/program files (x86)/atmel/studio/7.0/toolchain/avr8/avr8-gnu-toolchain/bin/../lib/gcc/avr/5.4.0/avr51\libgcc.a(_exit.o)
 .text.libgcc.fixed
                0x00000000        0x0 c:/program files (x86)/atmel/studio/7.0/toolchain/avr8/avr8-gnu-toolchain/bin/../lib/gcc/avr/5.4.0/avr51\libgcc.a(_exit.o)
 .text          0x00000000        0x0 c:/program files (x86)/atmel/studio/7.0/toolchain/avr8/avr8-gnu-toolchain/bin/../lib/gcc/avr/5.4.0/avr51\libgcc.a(_copy_data.o)
 .data          0x00000000        0x0 c:/program files (x86)/atmel/studio/7.0/toolchain/avr8/avr8-gnu-toolchain/bin/../lib/gcc/avr/5.4.0/avr51\libgcc.a(_copy_data.o)
 .bss           0x00000000        0x0 c:/program files (x86)/atmel/studio/7.0/toolchain/avr8/avr8-gnu-toolchain/bin/../lib/gcc/avr/5.4.0/avr51\libgcc.a(_copy_data.o)
 .text.libgcc.mul
                0x00000000        0x0 c:/program files (x86)/atmel/studio/7.0/toolchain/avr8/avr8-gnu-toolchain/bin/../lib/gcc/avr/5.4.0/avr51\libgcc.a(_copy_data.o)
 .text.libgcc.div
                0x00000000        0x0 c:/program files (x86)/atmel/studio/7.0/toolchain/avr8/avr8-gnu-toolchain/bin/../lib/gcc/avr/5.4.0/avr51\libgcc.a(_copy_data.o)
 .text.libgcc   0x00000000        0x0 c:/program files (x86)/atmel/studio/7.0/toolchain/avr8/avr8-gnu-toolchain/bin/../lib/gcc/avr/5.4.0/avr51\libgcc.a(_copy_data.o)
 .text.libgcc.prologue
                0x00000000        0x0 c:/program files (x86)/atmel/studio/7.0/toolchain/avr8/avr8-gnu-toolchain/bin/../lib/gcc/avr/5.4.0/avr51\libgcc.a(_copy_data.o)
 .text.libgcc.builtins
                0x00000000        0x0 c:/program files (x86)/atmel/studio/7.0/toolchain/avr8/avr8-gnu-toolchain/bin/../lib/gcc/avr/5.4.0/avr51\libgcc.a(_copy_data.o)
 .text.libgcc.fmul
                0x00000000        0x0 c:/program files (x86)/atmel/studio/7.0/toolchain/avr8/avr8-gnu-toolchain/bin/../lib/gcc/avr/5.4.0/avr51\libgcc.a(_copy_data.o)
 .text.libgcc.fixed
                0x00000000        0x0 c:/program files (x86)/atmel/studio/7.0/toolchain/avr8/avr8-gnu-toolchain/bin/../lib/gcc/avr/5.4.0/avr51\libgcc.a(_copy_data.o)
 .text          0x00000000        0x0 c:/program files (x86)/atmel/studio/7.0/toolchain/avr8/avr8-gnu-toolchain/bin/../lib/gcc/avr/5.4.0/avr51\libgcc.a(_clear_bss.o)
 .data          0x00000000        0x0 c:/program files (x86)/atmel/studio/7.0/toolchain/avr8/avr8-gnu-toolchain/bin/../lib/gcc/avr/5.4.0/avr51\libgcc.a(_clear_bss.o)
 .bss           0x00000000        0x0 c:/program files (x86)/atmel/studio/7.0/toolchain/avr8/avr8-gnu-toolchain/bin/../lib/gcc/avr/5.4.0/avr51\libgcc.a(_clear_bss.o)
 .text.libgcc.mul
                0x00000000        0x0 c:/program files (x86)/atmel/studio/7.0/toolchain/avr8/avr8-gnu-toolchain/bin/../lib/gcc/avr/5.4.0/avr51\libgcc.a(_clear_bss.o)
 .text.libgcc.div
                0x00000000        0x0 c:/program files (x86)/atmel/studio/7.0/toolchain/avr8/avr8-gnu-toolchain/bin/../lib/gcc/avr/5.4.0/avr51\libgcc.a(_clear_bss.o)
 .text.libgcc   0x00000000        0x0 c:/program files (x86)/atmel/studio/7.0/toolchain/avr8/avr8-gnu-toolchain/bin/../lib/gcc/avr/5.4.0/avr51\libgcc.a(_clear_bss.o)
 .text.libgcc.prologue
                0x00000000        0x0 c:/program files (x86)/atmel/studio/7.0/toolchain/avr8/avr8-gnu-toolchain/bin/../lib/gcc/avr/5.4.0/avr51\libgcc.a(_clear_bss.o)
 .text.libgcc.builtins
                0x00000000        0x0 c:/program files (x86)/atmel/studio/7.0/toolchain/avr8/avr8-gnu-toolchain/bin/../lib/gcc/avr/5.4.0/avr51\libgcc.a(_clear_bss.o)
 .text.libgcc.fmul
                0x00000000        0x0 c:/program files (x86)/atmel/studio/7.0/toolchain/avr8/avr8-gnu-toolchain/bin/../lib/gcc/avr/5.4.0/avr51\libgcc.a(_clear_bss.o)
 .text.libgcc.fixed
                0x00000000        0x0 c:/program files (x86)/atmel/studio/7.0/toolchain/avr8/avr8-gnu-toolchain/bin/../lib/gcc/avr/5.4.0/avr51\libgcc.a(_clear_bss.o)
 .text          0x00000000        0x0 c:/program files (x86)/atmel/studio/7.0/toolchain/avr8/avr8-gnu-toolchain/bin/../lib/gcc/avr/5.4.0/avr51\libgcc.a(_umulhisi3.o)
 .data          0x00000000        0x0 c:/program files (x86)/atmel/studio/7.0/toolchain/avr8/avr8-gnu-toolchain/bin/../lib/gcc/avr/5.4.0/avr51\libgcc.a(_umulhisi3.o)
 .bss           0x00000000        0x0 c:/program files (x86)/atmel/studio/7.0/toolchain/avr8/avr8-gnu-toolchain/bin/../lib/gcc/avr/5.4.0/avr51\libgcc.a(_umulhisi3.o)
 .text.libgcc.div
                0x00000000        0x0 c:/program files (x86)/atmel/studio/7.0/toolchain/avr8/avr8-gnu-toolchain/bin/../lib/gcc/avr/5.4.0/avr51\libgcc.a(_umulhisi3.o)
 .text.libgcc   0x00000000        0x0 c:/program files (x86)/atmel/studio/7.0/toolchain/avr8/avr8-gnu-toolchain/bin/../lib/gcc/avr/5.4.0/avr51\libgcc.a(_umulhisi3.o)
 .text.libgcc.prologue
                0x00000000        0x0 c:/program files (x86)/atmel/studio/7.0/toolchain/avr8/avr8-gnu-toolchain/bin/../lib/gcc/avr/5.4.0/avr51\libgcc.a(_umulhisi3.o)
 .text.libgcc.builtins
                0x00000000        0x0 c:/program files (x86)/atmel/studio/7.0/toolchain/avr8/avr8-gnu-toolchain/bin/../lib/gcc/avr/5.4.0/avr51\libgcc.a(_umulhisi3.o)
 .text.libgcc.fmul
                0x00000000        0x0 c:/program files (x86)/atmel/studio/7.0/toolchain/avr8/avr8-gnu-toolchain/bin/../lib/gcc/avr/5.4.0/avr51\libgcc.a(_umulhisi3.o)
 .text.libgcc.fixed
                0x00000000        0x0 c:/program files (x86)/atmel/studio/7.0/toolchain/avr8/avr8-gnu-toolchain/bin/../lib/gcc/avr/5.4.0/avr51\libgcc.a(_umulhisi3.o)
 .text          0x00000000        0x0 c:/program files (x86)/atmel/studio/7.0/toolchain/avr8/avr8-gnu-toolchain/bin/../lib/gcc/avr/5.4.0/avr51\libgcc.a(_udivmodhi4.o)
 .data          0x00000000        0x0 c:/program files (x86)/atmel/studio/7.0/toolchain/avr8/avr8-gnu-toolchain/bin/../lib/gcc/avr/5.4.0/avr51\libgcc.a(_udivmodhi4.o)
 .bss           0x00000000        0x0 c:/program files (x86)/atmel/studio/7.0/toolchain/avr8/avr8-gnu-toolchain/bin/../lib/gcc/avr/5.4.0/avr51\libgcc.a(_udivmodhi4.o)
 .text.libgcc.mul
                0x00000000        0x0 c:/program files (x86)/atmel/studio/7.0/toolchain/avr8/avr8-gnu-toolchain/bin/../lib/gcc/avr/5.4.0/avr51\libgcc.a(_udivmodhi4.o)
 .text.libgcc   0x00000000        0x0 c:/program files (x86)/atmel/studio/7.0/toolchain/avr8/avr8-gnu-toolchain/bin/../lib/gcc/avr/5.4.0/avr51\libgcc.a(_udivmodhi4.o)
 .text.libgcc.prologue
                0x00000000        0x0 c:/program files (x86)/atmel/studio/7.0/toolchain/avr8/avr8-gnu-toolchain/bin/../lib/gcc/avr/5.4.0/avr51\libgcc.a(_udivmodhi4.o)
 .text.libgcc.builtins
                0x00000000        0x0 c:/program files (x86)/atmel/studio/7.0/toolchain/avr8/avr8-gnu-toolchain/bin/../lib/gcc/avr/5.4.0/avr51\libgcc.a(_udivmodhi4.o)
 .text.libgcc.fmul
                0x00000000        0x0 c:/program files (x86)/atmel/studio/7.0/toolchain/avr8/avr8-gnu-toolchain/bin/../lib/gcc/avr/5.4.0/avr51\libgcc.a(_udivmodhi4.o)
 .text.libgcc.fixed
                0x00000000        0x0 c:/program files (x86)/atmel/studio/7.0/toolchain/avr8/avr8-gnu-toolchain/bin/../lib/gcc/avr/5.4.0/avr51\libgcc.a(_udivmodhi4.o)
 .text          0x00000000        0x0 c:/program files (x86)/atmel/studio/7.0/toolchain/avr8/avr8-gnu-toolchain/bin/../lib/gcc/avr/5.4.0/avr51\libgcc.a(_udivmodsi4.o)
 .data          0x00000000        0x0 c:/program files (x86)/atmel/studio/7.0/toolchain/avr8/avr8-gnu-toolchain/bin/../lib/gcc/avr/5.4.0/avr51\libgcc.a(_udivmodsi4.o)
 .bss           0x00000000        0x0 c:/program files (x86)/atmel/studio/7.0/toolchain/avr8/avr8-gnu-toolchain/bin/../lib/gcc/avr/5.4.0/avr51\libgcc.a(_udivmodsi4.o)
 .text.libgcc.mul
                0x00000000        0x0 c:/program files (x86)/atmel/studio/7.0/toolchain/avr8/avr8-gnu-toolchain/bin/../lib/gcc/avr/5.4.0/avr51\libgcc.a(_udivmodsi4.o)
 .text.libgcc.div
                0x00000000       0x44 c:/program files (x86)/atmel/studio/7.0/toolchain/avr8/avr8-gnu-toolchain/bin/../lib/gcc/avr/5.4.0/avr51\libgcc.a(_udivmodsi4.o)
 .text.libgcc   0x00000000        0x0 c:/program files (x86)/atmel/studio/7.0/toolchain/avr8/avr8-gnu-toolchain/bin/../lib/gcc/avr/5.4.0/avr51\libgcc.a(_udivmodsi4.o)
 .text.libgcc.prologue
                0x00000000        0x0 c:/program files (x86)/atmel/studio/7.0/toolchain/avr8/avr8-gnu-toolchain/bin/../lib/gcc/avr/5.4.0/avr51\libgcc.a(_udivmodsi4.o)
 .text.libgcc.builtins
                0x00000000        0x0 c:/program files (x86)/atmel/studio/7.0/toolchain/avr8/avr8-gnu-toolchain/bin/../lib/gcc/avr/5.4.0/avr51\libgcc.a(_udivmodsi4.o)
 .text.libgcc.fmul
                0x00000000        0x0 c:/program files (x86)/atmel/studio/7.0/toolchain/avr8/avr8-gnu-toolchain/bin/../lib/gcc/avr/5.4.0/avr51\libgcc.a(_udivmodsi4.o)
 .text.libgcc.fixed
                0x00000000        0x0 c:/program files (x86)/atmel/studio/7.0/toolchain/avr8/avr8-gnu-toolchain/bin/../lib/gcc/avr/5.4.0/avr51\libgcc.a(_udivmodsi4.o)
 .text          0x00000000        0x0 c:/program files (x86)/atmel/studio/7.0/toolchain/avr8/avr8-gnu-toolchain/bin/../lib/gcc/avr/5.4.0/../../../../avr/lib/avr51\libc.a(strcmp.o)
 .data          0x00000000        0x0 c:/program files (x86)/atmel/studio/7.0/toolchain/avr8/avr8-gnu-toolchain/bin/../lib/gcc/avr/5.4.0/../../../../avr/lib/avr51\libc.a(strcmp.o)
 .bss           0x00000000        0x0 c:/program files (x86)/atmel/studio/7.0/toolchain/avr8/avr8-gnu-toolchain/bin/../lib/gcc/avr/5.4.0/../../../../avr/lib/avr51\libc.a(strcmp.o)
 .text          0x00000000        0x0 c:/program files (x86)/atmel/studio/7.0/toolchain/avr8/avr8-gnu-toolchain/bin/../lib/gcc/avr/5.4.0/../../../../avr/lib/avr51\libc.a(printf.o)
 .data          0x00000000        0x0 c:/program files (x86)/atmel/studio/7.0/toolchain/avr8/avr8-gnu-toolchain/bin/../lib/gcc/avr/5.4.0/../../../../avr/lib/avr51\libc.a(printf.o)
 .bss           0x00000000        0x0 c:/program files (x86)/atmel/studio/7.0/toolchain/avr8/avr8-gnu-toolchain/bin/../lib/gcc/avr/5.4.0/../../../../avr/lib/avr51\libc.a(printf.o)
 .text          0x00000000        0x0 c:/program files (x86)/atmel/studio/7.0/toolchain/avr8/avr8-gnu-toolchain/bin/../lib/gcc/avr/5.4.0/../../../../avr/lib/avr51\libc.a(puts.o)
 .data          0x00000000        0x0 c:/program files (x86)/atmel/studio/7.0/toolchain/avr8/avr8-gnu-toolchain/bin/../lib/gcc/avr/5.4.0/../../../../avr/lib/avr51\libc.a(puts.o)
 .bss           0x00000000        0x0 c:/program files (x86)/atmel/studio/7.0/toolchain/avr8/avr8-gnu-toolchain/bin/../lib/gcc/avr/5.4.0/../../../../avr/lib/avr51\libc.a(puts.o)
 .text          0x00000000        0x0 c:/program files (x86)/atmel/studio/7.0/toolchain/avr8/avr8-gnu-toolchain/bin/../lib/gcc/avr/5.4.0/../../../../avr/lib/avr51\libc.a(sprintf.o)
 .data          0x00000000        0x0 c:/program files (x86)/atmel/studio/7.0/toolchain/avr8/avr8-gnu-toolchain/bin/../lib/gcc/avr/5.4.0/../../../../avr/lib/avr51\libc.a(sprintf.o)
 .bss           0x00000000        0x0 c:/program files (x86)/atmel/studio/7.0/toolchain/avr8/avr8-gnu-toolchain/bin/../lib/gcc/avr/5.4.0/../../../../avr/lib/avr51\libc.a(sprintf.o)
 .text          0x00000000        0x0 c:/program files (x86)/atmel/studio/7.0/toolchain/avr8/avr8-gnu-toolchain/bin/../lib/gcc/avr/5.4.0/../../../../avr/lib/avr51\libc.a(vfprintf_std.o)
 .data          0x00000000        0x0 c:/program files (x86)/atmel/studio/7.0/toolchain/avr8/avr8-gnu-toolchain/bin/../lib/gcc/avr/5.4.0/../../../../avr/lib/avr51\libc.a(vfprintf_std.o)
 .bss           0x00000000        0x0 c:/program files (x86)/atmel/studio/7.0/toolchain/avr8/avr8-gnu-toolchain/bin/../lib/gcc/avr/5.4.0/../../../../avr/lib/avr51\libc.a(vfprintf_std.o)
 .text          0x00000000        0x0 c:/program files (x86)/atmel/studio/7.0/toolchain/avr8/avr8-gnu-toolchain/bin/../lib/gcc/avr/5.4.0/../../../../avr/lib/avr51\libc.a(strnlen_P.o)
 .data          0x00000000        0x0 c:/program files (x86)/atmel/studio/7.0/toolchain/avr8/avr8-gnu-toolchain/bin/../lib/gcc/avr/5.4.0/../../../../avr/lib/avr51\libc.a(strnlen_P.o)
 .bss           0x00000000        0x0 c:/program files (x86)/atmel/studio/7.0/toolchain/avr8/avr8-gnu-toolchain/bin/../lib/gcc/avr/5.4.0/../../../../avr/lib/avr51\libc.a(strnlen_P.o)
 .text          0x00000000        0x0 c:/program files (x86)/atmel/studio/7.0/toolchain/avr8/avr8-gnu-toolchain/bin/../lib/gcc/avr/5.4.0/../../../../avr/lib/avr51\libc.a(strnlen.o)
 .data          0x00000000        0x0 c:/program files (x86)/atmel/studio/7.0/toolchain/avr8/avr8-gnu-toolchain/bin/../lib/gcc/avr/5.4.0/../../../../avr/lib/avr51\libc.a(strnlen.o)
 .bss           0x00000000        0x0 c:/program files (x86)/atmel/studio/7.0/toolchain/avr8/avr8-gnu-toolchain/bin/../lib/gcc/avr/5.4.0/../../../../avr/lib/avr51\libc.a(strnlen.o)
 .text          0x00000000        0x0 c:/program files (x86)/atmel/studio/7.0/toolchain/avr8/avr8-gnu-toolchain/bin/../lib/gcc/avr/5.4.0/../../../../avr/lib/avr51\libc.a(fputc.o)
 .data          0x00000000        0x0 c:/program files (x86)/atmel/studio/7.0/toolchain/avr8/avr8-gnu-toolchain/bin/../lib/gcc/avr/5.4.0/../../../../avr/lib/avr51\libc.a(fputc.o)
 .bss           0x00000000        0x0 c:/program files (x86)/atmel/studio/7.0/toolchain/avr8/avr8-gnu-toolchain/bin/../lib/gcc/avr/5.4.0/../../../../avr/lib/avr51\libc.a(fputc.o)
 .text          0x00000000        0x0 c:/program files (x86)/atmel/studio/7.0/toolchain/avr8/avr8-gnu-toolchain/bin/../lib/gcc/avr/5.4.0/../../../../avr/lib/avr51\libc.a(iob.o)
 .data          0x00000000        0x0 c:/program files (x86)/atmel/studio/7.0/toolchain/avr8/avr8-gnu-toolchain/bin/../lib/gcc/avr/5.4.0/../../../../avr/lib/avr51\libc.a(iob.o)
 .bss           0x00000000        0x0 c:/program files (x86)/atmel/studio/7.0/toolchain/avr8/avr8-gnu-toolchain/bin/../lib/gcc/avr/5.4.0/../../../../avr/lib/avr51\libc.a(iob.o)
 .text          0x00000000        0x0 c:/program files (x86)/atmel/studio/7.0/toolchain/avr8/avr8-gnu-toolchain/bin/../lib/gcc/avr/5.4.0/../../../../avr/lib/avr51\libc.a(ultoa_invert.o)
 .data          0x00000000        0x0 c:/program files (x86)/atmel/studio/7.0/toolchain/avr8/avr8-gnu-toolchain/bin/../lib/gcc/avr/5.4.0/../../../../avr/lib/avr51\libc.a(ultoa_invert.o)
 .bss           0x00000000        0x0 c:/program files (x86)/atmel/studio/7.0/toolchain/avr8/avr8-gnu-toolchain/bin/../lib/gcc/avr/5.4.0/../../../../avr/lib/avr51\libc.a(ultoa_invert.o)

Memory Configuration

Name             Origin             Length             Attributes
text             0x00000000         0x00020000         xr
data             0x00800100         0x00001000         rw !x
eeprom           0x00810000         0x00001000         rw !x
fuse             0x00820000         0x00000003         rw !x
lock             0x00830000         0x00000400         rw !x
signature        0x00840000         0x00000400         rw !x
user_signatures  0x00850000         0x00000400         rw !x
*default*        0x00000000         0xffffffff

Linker script and memory map

Address of section .data set to 0x800100
LOAD C:/Program Files (x86)/Atmel/Studio/7.0/Packs/atmel/ATmega_DFP/1.7.374/gcc/dev/atmega128a/avr51/crtatmega128a.o
LOAD ap/apMain.o
LOAD ap/listener/listener.o
LOAD ap/model/model_fanModeState.o
LOAD ap/model/model_timerModeState.o
LOAD ap/model/model_timerSecNFlag.o
LOAD ap/presenter/presenter.o
LOAD ap/service/service_fanModeCare.o
LOAD ap/service/service_timerModeCare.o
LOAD driver/button/Button.o
LOAD driver/buzzer/buzzer.o
LOAD driver/FND/FND.o
LOAD driver/LCD/LCD.o
LOAD driver/motor/motor.o
LOAD main.o
LOAD periph/GPIO/GPIO.o
LOAD periph/timer/TIM.o
LOAD periph/UART0/UART0_Queue.o
START GROUP
LOAD c:/program files (x86)/atmel/studio/7.0/toolchain/avr8/avr8-gnu-toolchain/bin/../lib/gcc/avr/5.4.0/../../../../avr/lib/avr51\libm.a
END GROUP
START GROUP
LOAD c:/program files (x86)/atmel/studio/7.0/toolchain/avr8/avr8-gnu-toolchain/bin/../lib/gcc/avr/5.4.0/avr51\libgcc.a
LOAD c:/program files (x86)/atmel/studio/7.0/toolchain/avr8/avr8-gnu-toolchain/bin/../lib/gcc/avr/5.4.0/../../../../avr/lib/avr51\libm.a
LOAD c:/program files (x86)/atmel/studio/7.0/toolchain/avr8/avr8-gnu-toolchain/bin/../lib/gcc/avr/5.4.0/../../../../avr/lib/avr51\libc.a
LOAD C:/Program Files (x86)/Atmel/Studio/7.0/Packs/atmel/ATmega_DFP/1.7.374/gcc/dev/atmega128a/avr51\libatmega128a.a
END GROUP
                [0x00000000]                __TEXT_REGION_ORIGIN__ = DEFINED (__TEXT_REGION_ORIGIN__)?__TEXT_REGION_ORIGIN__:0x0
                [0x00800100]                __DATA_REGION_ORIGIN__ = DEFINED (__DATA_REGION_ORIGIN__)?__DATA_REGION_ORIGIN__:0x800100
                [0x00020000]                __TEXT_REGION_LENGTH__ = DEFINED (__TEXT_REGION_LENGTH__)?__TEXT_REGION_LENGTH__:0x20000
                [0x00001000]                __DATA_REGION_LENGTH__ = DEFINED (__DATA_REGION_LENGTH__)?__DATA_REGION_LENGTH__:0xff00
                [0x00001000]                __EEPROM_REGION_LENGTH__ = DEFINED (__EEPROM_REGION_LENGTH__)?__EEPROM_REGION_LENGTH__:0x10000
                [0x00000003]                __FUSE_REGION_LENGTH__ = DEFINED (__FUSE_REGION_LENGTH__)?__FUSE_REGION_LENGTH__:0x400
                0x00000400                __LOCK_REGION_LENGTH__ = DEFINED (__LOCK_REGION_LENGTH__)?__LOCK_REGION_LENGTH__:0x400
                0x00000400                __SIGNATURE_REGION_LENGTH__ = DEFINED (__SIGNATURE_REGION_LENGTH__)?__SIGNATURE_REGION_LENGTH__:0x400
                0x00000400                __USER_SIGNATURE_REGION_LENGTH__ = DEFINED (__USER_SIGNATURE_REGION_LENGTH__)?__USER_SIGNATURE_REGION_LENGTH__:0x400

.hash
 *(.hash)

.dynsym
 *(.dynsym)

.dynstr
 *(.dynstr)

.gnu.version
 *(.gnu.version)

.gnu.version_d
 *(.gnu.version_d)

.gnu.version_r
 *(.gnu.version_r)

.rel.init
 *(.rel.init)

.rela.init
 *(.rela.init)

.rel.text
 *(.rel.text)
 *(.rel.text.*)
 *(.rel.gnu.linkonce.t*)

.rela.text
 *(.rela.text)
 *(.rela.text.*)
 *(.rela.gnu.linkonce.t*)

.rel.fini
 *(.rel.fini)

.rela.fini
 *(.rela.fini)

.rel.rodata
 *(.rel.rodata)
 *(.rel.rodata.*)
 *(.rel.gnu.linkonce.r*)

.rela.rodata
 *(.rela.rodata)
 *(.rela.rodata.*)
 *(.rela.gnu.linkonce.r*)

.rel.data
 *(.rel.data)
 *(.rel.data.*)
 *(.rel.gnu.linkonce.d*)

.rela.data
 *(.rela.data)
 *(.rela.data.*)
 *(.rela.gnu.linkonce.d*)

.rel.ctors
 *(.rel.ctors)

.rela.ctors
 *(.rela.ctors)

.rel.dtors
 *(.rel.dtors)

.rela.dtors
 *(.rela.dtors)

.rel.got
 *(.rel.got)

.rela.got
 *(.rela.got)

.rel.bss
 *(.rel.bss)

.rela.bss
 *(.rela.bss)

.rel.plt
 *(.rel.plt)

.rela.plt
 *(.rela.plt)

.text           0x00000000     0x1800
 *(.vectors)
 .vectors       0x00000000       0x8c C:/Program Files (x86)/Atmel/Studio/7.0/Packs/atmel/ATmega_DFP/1.7.374/gcc/dev/atmega128a/avr51/crtatmega128a.o
                0x00000000                __vector_default
                0x00000000                __vectors
 *(.vectors)
 *(.progmem.gcc*)
                0x0000008c                . = ALIGN (0x2)
                0x0000008c                __trampolines_start = .
 *(.trampolines)
 .trampolines   0x0000008c        0x0 linker stubs
 *(.trampolines*)
                0x0000008c                __trampolines_end = .
 *libprintf_flt.a:*(.progmem.data)
 *libc.a:*(.progmem.data)
 *(.progmem*)
                0x0000008c                . = ALIGN (0x2)
 *(.jumptables)
 *(.jumptables*)
 *(.lowtext)
 *(.lowtext*)
                0x0000008c                __ctors_start = .
 *(.ctors)
                0x0000008c                __ctors_end = .
                0x0000008c                __dtors_start = .
 *(.dtors)
                0x0000008c                __dtors_end = .
 SORT(*)(.ctors)
 SORT(*)(.dtors)
 *(.init0)
 .init0         0x0000008c        0x0 C:/Program Files (x86)/Atmel/Studio/7.0/Packs/atmel/ATmega_DFP/1.7.374/gcc/dev/atmega128a/avr51/crtatmega128a.o
                0x0000008c                __init
 *(.init0)
 *(.init1)
 *(.init1)
 *(.init2)
 .init2         0x0000008c        0xc C:/Program Files (x86)/Atmel/Studio/7.0/Packs/atmel/ATmega_DFP/1.7.374/gcc/dev/atmega128a/avr51/crtatmega128a.o
 *(.init2)
 *(.init3)
 *(.init3)
 *(.init4)
 .init4         0x00000098       0x1a c:/program files (x86)/atmel/studio/7.0/toolchain/avr8/avr8-gnu-toolchain/bin/../lib/gcc/avr/5.4.0/avr51\libgcc.a(_copy_data.o)
                0x00000098                __do_copy_data
 .init4         0x000000b2       0x10 c:/program files (x86)/atmel/studio/7.0/toolchain/avr8/avr8-gnu-toolchain/bin/../lib/gcc/avr/5.4.0/avr51\libgcc.a(_clear_bss.o)
                0x000000b2                __do_clear_bss
 *(.init4)
 *(.init5)
 *(.init5)
 *(.init6)
 *(.init6)
 *(.init7)
 *(.init7)
 *(.init8)
 *(.init8)
 *(.init9)
 .init9         0x000000c2        0x6 C:/Program Files (x86)/Atmel/Studio/7.0/Packs/atmel/ATmega_DFP/1.7.374/gcc/dev/atmega128a/avr51/crtatmega128a.o
 *(.init9)
 *(.text)
 .text          0x000000c8        0x2 C:/Program Files (x86)/Atmel/Studio/7.0/Packs/atmel/ATmega_DFP/1.7.374/gcc/dev/atmega128a/avr51/crtatmega128a.o
                0x000000c8                __vector_22
                0x000000c8                __vector_28
                0x000000c8                __vector_1
                0x000000c8                __vector_32
                0x000000c8                __vector_34
                0x000000c8                __vector_24
                0x000000c8                __vector_12
                0x000000c8                __bad_interrupt
                0x000000c8                __vector_6
                0x000000c8                __vector_31
                0x000000c8                __vector_3
                0x000000c8                __vector_23
                0x000000c8                __vector_30
                0x000000c8                __vector_25
                0x000000c8                __vector_11
                0x000000c8                __vector_13
                0x000000c8                __vector_17
                0x000000c8                __vector_19
                0x000000c8                __vector_7
                0x000000c8                __vector_27
                0x000000c8                __vector_5
                0x000000c8                __vector_33
                0x000000c8                __vector_4
                0x000000c8                __vector_2
                0x000000c8                __vector_21
                0x000000c8                __vector_15
                0x000000c8                __vector_29
                0x000000c8                __vector_8
                0x000000c8                __vector_26
                0x000000c8                __vector_14
                0x000000c8                __vector_10
                0x000000c8                __vector_20
                0x000000ca                . = ALIGN (0x2)
 *(.text.*)
 .text.__vector_16
                0x000000ca       0x5c ap/apMain.o
                0x000000ca                __vector_16
 .text.__vector_9
                0x00000126       0x4e ap/apMain.o
                0x00000126                __vector_9
 .text.apMain_init
                0x00000174       0x18 ap/apMain.o
                0x00000174                apMain_init
 .text.apMain_run
                0x0000018c        0xa ap/apMain.o
                0x0000018c                apMain_run
 .text.__vector_18
                0x00000196       0x4e ap/listener/listener.o
                0x00000196                __vector_18
 .text.Listener_init
                0x000001e4       0x5c ap/listener/listener.o
                0x000001e4                Listener_init
 .text.Listener_inputFanEventCheck
                0x00000240      0x246 ap/listener/listener.o
                0x00000240                Listener_inputFanEventCheck
 .text.Listener_inputTmEventCheck
                0x00000486       0x90 ap/listener/listener.o
                0x00000486                Listener_inputTmEventCheck
 .text.Listener_uartEventCheck
                0x00000516      0x10a ap/listener/listener.o
                0x00000516                Listener_uartEventCheck
 .text.Listener_run
                0x00000620        0x8 ap/listener/listener.o
                0x00000620                Listener_run
 .text.Model_getFanModeStateData
                0x00000628        0x6 ap/model/model_fanModeState.o
                0x00000628                Model_getFanModeStateData
 .text.Model_setFanModeStateData
                0x0000062e        0x6 ap/model/model_fanModeState.o
                0x0000062e                Model_setFanModeStateData
 .text.Model_getTimerModeStateData
                0x00000634        0x6 ap/model/model_timerModeState.o
                0x00000634                Model_getTimerModeStateData
 .text.Model_setTimerModeStateData
                0x0000063a        0x6 ap/model/model_timerModeState.o
                0x0000063a                Model_setTimerModeStateData
 .text.Model_getTimerFlagData
                0x00000640        0x6 ap/model/model_timerSecNFlag.o
                0x00000640                Model_getTimerFlagData
 .text.Model_setTimerFlagData
                0x00000646        0x6 ap/model/model_timerSecNFlag.o
                0x00000646                Model_setTimerFlagData
 .text.Presenter_init
                0x0000064c        0xa ap/presenter/presenter.o
                0x0000064c                Presenter_init
 .text.Presenter_dispEventProcess
                0x00000656      0x1f6 ap/presenter/presenter.o
                0x00000656                Presenter_dispEventProcess
 .text.Presenter_motorOperating
                0x0000084c       0x42 ap/presenter/presenter.o
                0x0000084c                Presenter_motorOperating
 .text.service_fanModeCare
                0x0000088e       0x64 ap/service/service_fanModeCare.o
                0x0000088e                service_fanModeCare
 .text.service_milisecProcess
                0x000008f2       0x7c ap/service/service_timerModeCare.o
                0x000008f2                service_milisecProcess
 .text.service_timerModeCare
                0x0000096e       0xc4 ap/service/service_timerModeCare.o
                0x0000096e                service_timerModeCare
 .text.Button_init
                0x00000a32       0x1a driver/button/Button.o
                0x00000a32                Button_init
 .text.Button_getState
                0x00000a4c       0x58 driver/button/Button.o
                0x00000a4c                Button_getState
 .text.Buzzer_init
                0x00000aa4       0x1c driver/buzzer/buzzer.o
                0x00000aa4                Buzzer_init
 .text.FND_init
                0x00000ac0        0xe driver/FND/FND.o
                0x00000ac0                FND_init
 .text.FND_colonOn
                0x00000ace        0x8 driver/FND/FND.o
                0x00000ace                FND_colonOn
 .text.FND_colonOff
                0x00000ad6        0x6 driver/FND/FND.o
                0x00000ad6                FND_colonOff
 .text.FND_dispNone
                0x00000adc       0x26 driver/FND/FND.o
                0x00000adc                FND_dispNone
 .text.FND_dispNum
                0x00000b02      0x220 driver/FND/FND.o
                0x00000b02                FND_dispNum
 .text.FND_setFndData
                0x00000d22        0xa driver/FND/FND.o
                0x00000d22                FND_setFndData
 .text.FND_ISR_Process
                0x00000d2c        0xc driver/FND/FND.o
                0x00000d2c                FND_ISR_Process
 .text.LCD_gpioInit
                0x00000d38       0x28 driver/LCD/LCD.o
                0x00000d38                LCD_gpioInit
 .text.LCD_cmdMode
                0x00000d60        0xc driver/LCD/LCD.o
                0x00000d60                LCD_cmdMode
 .text.LCD_charMode
                0x00000d6c        0xc driver/LCD/LCD.o
                0x00000d6c                LCD_charMode
 .text.LCD_writeMode
                0x00000d78        0xc driver/LCD/LCD.o
                0x00000d78                LCD_writeMode
 .text.LCD_enableHigh
                0x00000d84       0x18 driver/LCD/LCD.o
                0x00000d84                LCD_enableHigh
 .text.LCD_enableLow
                0x00000d9c       0x18 driver/LCD/LCD.o
                0x00000d9c                LCD_enableLow
 .text.LCD_writeByte
                0x00000db4        0xa driver/LCD/LCD.o
                0x00000db4                LCD_writeByte
 .text.LCD_writeCmdData
                0x00000dbe       0x14 driver/LCD/LCD.o
                0x00000dbe                LCD_writeCmdData
 .text.LCD_writeCharData
                0x00000dd2       0x14 driver/LCD/LCD.o
                0x00000dd2                LCD_writeCharData
 .text.LCD_init
                0x00000de6       0x48 driver/LCD/LCD.o
                0x00000de6                LCD_init
 .text.LCD_writeString
                0x00000e2e       0x2a driver/LCD/LCD.o
                0x00000e2e                LCD_writeString
 .text.LCD_gotoXY
                0x00000e58       0x14 driver/LCD/LCD.o
                0x00000e58                LCD_gotoXY
 .text.LCD_writeStringXY
                0x00000e6c       0x12 driver/LCD/LCD.o
                0x00000e6c                LCD_writeStringXY
 .text.Motor_rotateOn
                0x00000e7e        0x8 driver/motor/motor.o
                0x00000e7e                Motor_rotateOn
 .text.Motor_rotateOff
                0x00000e86        0x8 driver/motor/motor.o
                0x00000e86                Motor_rotateOff
 .text.Motor_setHertz
                0x00000e8e       0x4e driver/motor/motor.o
                0x00000e8e                Motor_setHertz
 .text.Motor_init
                0x00000edc       0x26 driver/motor/motor.o
                0x00000edc                Motor_init
 .text.Motor_setRotateMode
                0x00000f02       0xb8 driver/motor/motor.o
                0x00000f02                Motor_setRotateMode
 .text.main     0x00000fba        0x6 main.o
                0x00000fba                main
 .text.Gpio_initPort
                0x00000fc0       0x12 periph/GPIO/GPIO.o
                0x00000fc0                Gpio_initPort
 .text.Gpio_initPin
                0x00000fd2       0x36 periph/GPIO/GPIO.o
                0x00000fd2                Gpio_initPin
 .text.Gpio_writePort
                0x00001008        0x6 periph/GPIO/GPIO.o
                0x00001008                Gpio_writePort
 .text.Gpio_writePin
                0x0000100e       0x34 periph/GPIO/GPIO.o
                0x0000100e                Gpio_writePin
 .text.Timer0_init
                0x00001042       0x12 periph/timer/TIM.o
                0x00001042                Timer0_init
 .text.Timer2_init
                0x00001054       0x18 periph/timer/TIM.o
                0x00001054                Timer2_init
 .text.UART0_init
                0x0000106c       0x1c periph/UART0/UART0_Queue.o
                0x0000106c                UART0_init
 .text.Queue_init
                0x00001088        0xa periph/UART0/UART0_Queue.o
                0x00001088                Queue_init
 .text.Queue_full
                0x00001092       0x22 periph/UART0/UART0_Queue.o
                0x00001092                Queue_full
 .text.Queue_enQueue
                0x000010b4       0x3a periph/UART0/UART0_Queue.o
                0x000010b4                Queue_enQueue
 .text.Queue_logic
                0x000010ee       0x4a periph/UART0/UART0_Queue.o
                0x000010ee                Queue_logic
 .text.UART0_ISR_Process
                0x00001138        0xa periph/UART0/UART0_Queue.o
                0x00001138                UART0_ISR_Process
 .text.libgcc.div
                0x00001142       0x26 c:/program files (x86)/atmel/studio/7.0/toolchain/avr8/avr8-gnu-toolchain/bin/../lib/gcc/avr/5.4.0/avr51\libgcc.a(_divmodhi4.o)
                0x00001142                _div
                0x00001142                __divmodhi4
 .text.libgcc.mul
                0x00001168       0x1e c:/program files (x86)/atmel/studio/7.0/toolchain/avr8/avr8-gnu-toolchain/bin/../lib/gcc/avr/5.4.0/avr51\libgcc.a(_umulhisi3.o)
                0x00001168                __umulhisi3
 .text.libgcc.div
                0x00001186       0x28 c:/program files (x86)/atmel/studio/7.0/toolchain/avr8/avr8-gnu-toolchain/bin/../lib/gcc/avr/5.4.0/avr51\libgcc.a(_udivmodhi4.o)
                0x00001186                __udivmodhi4
 .text.avr-libc
                0x000011ae       0x12 c:/program files (x86)/atmel/studio/7.0/toolchain/avr8/avr8-gnu-toolchain/bin/../lib/gcc/avr/5.4.0/../../../../avr/lib/avr51\libc.a(strcmp.o)
                0x000011ae                strcmp
 .text.avr-libc
                0x000011c0       0x26 c:/program files (x86)/atmel/studio/7.0/toolchain/avr8/avr8-gnu-toolchain/bin/../lib/gcc/avr/5.4.0/../../../../avr/lib/avr51\libc.a(printf.o)
                0x000011c0                printf
 .text.avr-libc
                0x000011e6       0x60 c:/program files (x86)/atmel/studio/7.0/toolchain/avr8/avr8-gnu-toolchain/bin/../lib/gcc/avr/5.4.0/../../../../avr/lib/avr51\libc.a(puts.o)
                0x000011e6                puts
 .text.avr-libc
                0x00001246       0x5c c:/program files (x86)/atmel/studio/7.0/toolchain/avr8/avr8-gnu-toolchain/bin/../lib/gcc/avr/5.4.0/../../../../avr/lib/avr51\libc.a(sprintf.o)
                0x00001246                sprintf
 .text.avr-libc
                0x000012a2      0x3fa c:/program files (x86)/atmel/studio/7.0/toolchain/avr8/avr8-gnu-toolchain/bin/../lib/gcc/avr/5.4.0/../../../../avr/lib/avr51\libc.a(vfprintf_std.o)
                0x000012a2                vfprintf
 .text.avr-libc
                0x0000169c       0x16 c:/program files (x86)/atmel/studio/7.0/toolchain/avr8/avr8-gnu-toolchain/bin/../lib/gcc/avr/5.4.0/../../../../avr/lib/avr51\libc.a(strnlen_P.o)
                0x0000169c                strnlen_P
 .text.avr-libc
                0x000016b2       0x16 c:/program files (x86)/atmel/studio/7.0/toolchain/avr8/avr8-gnu-toolchain/bin/../lib/gcc/avr/5.4.0/../../../../avr/lib/avr51\libc.a(strnlen.o)
                0x000016b2                strnlen
 .text.avr-libc
                0x000016c8       0x78 c:/program files (x86)/atmel/studio/7.0/toolchain/avr8/avr8-gnu-toolchain/bin/../lib/gcc/avr/5.4.0/../../../../avr/lib/avr51\libc.a(fputc.o)
                0x000016c8                fputc
 .text.avr-libc
                0x00001740       0xbc c:/program files (x86)/atmel/studio/7.0/toolchain/avr8/avr8-gnu-toolchain/bin/../lib/gcc/avr/5.4.0/../../../../avr/lib/avr51\libc.a(ultoa_invert.o)
                0x00001740                __ultoa_invert
                0x000017fc                . = ALIGN (0x2)
 *(.fini9)
 .fini9         0x000017fc        0x0 c:/program files (x86)/atmel/studio/7.0/toolchain/avr8/avr8-gnu-toolchain/bin/../lib/gcc/avr/5.4.0/avr51\libgcc.a(_exit.o)
                0x000017fc                _exit
                0x000017fc                exit
 *(.fini9)
 *(.fini8)
 *(.fini8)
 *(.fini7)
 *(.fini7)
 *(.fini6)
 *(.fini6)
 *(.fini5)
 *(.fini5)
 *(.fini4)
 *(.fini4)
 *(.fini3)
 *(.fini3)
 *(.fini2)
 *(.fini2)
 *(.fini1)
 *(.fini1)
 *(.fini0)
 .fini0         0x000017fc        0x4 c:/program files (x86)/atmel/studio/7.0/toolchain/avr8/avr8-gnu-toolchain/bin/../lib/gcc/avr/5.4.0/avr51\libgcc.a(_exit.o)
 *(.fini0)
                0x00001800                _etext = .

.data           0x00800100       0xa6 load address 0x00001800
                0x00800100                PROVIDE (__data_start, .)
 *(.data)
 *(.data*)
 .data.uartInputData
                0x00800100        0x1 ap/listener/listener.o
 .data.lcdArray2
                0x00800101       0x14 ap/presenter/presenter.o
                0x00800101                lcdArray2
 .data.lcdArray1
                0x00800115       0x14 ap/presenter/presenter.o
                0x00800115                lcdArray1
 .data.prevState.1624
                0x00800129        0x1 ap/service/service_fanModeCare.o
 .data.prevState.2050
                0x0080012a        0x1 ap/service/service_timerModeCare.o
 *(.gnu.linkonce.d*)
 *(.rodata)
 .rodata        0x0080012b        0xb driver/FND/FND.o
 *(.rodata*)
 .rodata.str1.1
                0x00800136       0x34 ap/listener/listener.o
                                 0x37 (size before relaxing)
 .rodata.str1.1
                0x0080016a       0x20 ap/presenter/presenter.o
 .rodata.str1.1
                0x0080018a       0x1b periph/UART0/UART0_Queue.o
 *(.gnu.linkonce.r*)
                0x008001a6                . = ALIGN (0x2)
 *fill*         0x008001a5        0x1 
                0x008001a6                _edata = .
                0x008001a6                PROVIDE (__data_end, .)

.bss            0x008001a6      0x3b9
                0x008001a6                PROVIDE (__bss_start, .)
 *(.bss)
 *(.bss*)
 .bss.prevState.2046
                0x008001a6        0x1 ap/presenter/presenter.o
 .bss.fndDigitState.1751
                0x008001a7        0x1 driver/FND/FND.o
 .bss.fndColonFlag
                0x008001a8        0x1 driver/FND/FND.o
                0x008001a8                fndColonFlag
 .bss.fndData   0x008001a9        0x2 driver/FND/FND.o
                0x008001a9                fndData
 .bss.i.2111    0x008001ab        0x1 periph/UART0/UART0_Queue.o
 *(COMMON)
 COMMON         0x008001ac       0x1e ap/listener/listener.o
                0x008001ac                btn2_up
                0x008001b2                btn4_tm
                0x008001b8                btn3_sp
                0x008001be                btn1_dn
                0x008001c4                btn0_stop
 COMMON         0x008001ca        0x1 ap/model/model_fanModeState.o
                0x008001ca                fanModeStateData
 COMMON         0x008001cb        0x1 ap/model/model_timerModeState.o
                0x008001cb                timerModeStateData
 COMMON         0x008001cc        0x1 ap/model/model_timerSecNFlag.o
                0x008001cc                flagData
 COMMON         0x008001cd        0x1 ap/presenter/presenter.o
                0x008001cd                fanModeState
 COMMON         0x008001ce        0x4 ap/service/service_timerModeCare.o
                0x008001ce                milisec
                0x008001d0                timerSec
 COMMON         0x008001d2      0x387 periph/UART0/UART0_Queue.o
                0x008001d2                rear
                0x008001d3                rx_buff
                0x008004f3                uart0RxFlag
                0x008004f4                front
                0x008004f5                uart0RxBuff
 COMMON         0x00800559        0x6 c:/program files (x86)/atmel/studio/7.0/toolchain/avr8/avr8-gnu-toolchain/bin/../lib/gcc/avr/5.4.0/../../../../avr/lib/avr51\libc.a(iob.o)
                0x00800559                __iob
                0x0080055f                PROVIDE (__bss_end, .)
                0x00001800                __data_load_start = LOADADDR (.data)
                0x000018a6                __data_load_end = (__data_load_start + SIZEOF (.data))

.noinit         0x0080055f        0x0
                [!provide]                PROVIDE (__noinit_start, .)
 *(.noinit*)
                [!provide]                PROVIDE (__noinit_end, .)
                0x0080055f                _end = .
                [!provide]                PROVIDE (__heap_start, .)

.eeprom         0x00810000        0x0
 *(.eeprom*)
                0x00810000                __eeprom_end = .

.fuse
 *(.fuse)
 *(.lfuse)
 *(.hfuse)
 *(.efuse)

.lock
 *(.lock*)

.signature
 *(.signature*)

.user_signatures
 *(.user_signatures*)

.stab
 *(.stab)

.stabstr
 *(.stabstr)

.stab.excl
 *(.stab.excl)

.stab.exclstr
 *(.stab.exclstr)

.stab.index
 *(.stab.index)

.stab.indexstr
 *(.stab.indexstr)

.comment        0x00000000       0x5c
 *(.comment)
 .comment       0x00000000       0x30 ap/apMain.o
                                 0x31 (size before relaxing)
 .comment       0x00000030       0x31 ap/listener/listener.o
 .comment       0x00000030       0x31 ap/model/model_fanModeState.o
 .comment       0x00000030       0x31 ap/model/model_timerModeState.o
 .comment       0x00000030       0x31 ap/model/model_timerSecNFlag.o
 .comment       0x00000030       0x31 ap/presenter/presenter.o
 .comment       0x00000030       0x31 ap/service/service_fanModeCare.o
 .comment       0x00000030       0x31 ap/service/service_timerModeCare.o
 .comment       0x00000030       0x31 driver/button/Button.o
 .comment       0x00000030       0x31 driver/buzzer/buzzer.o
 .comment       0x00000030       0x31 driver/FND/FND.o
 .comment       0x00000030       0x31 driver/LCD/LCD.o
 .comment       0x00000030       0x31 driver/motor/motor.o
 .comment       0x00000030       0x31 main.o
 .comment       0x00000030       0x31 periph/GPIO/GPIO.o
 .comment       0x00000030       0x31 periph/timer/TIM.o
 .comment       0x00000030       0x31 periph/UART0/UART0_Queue.o
 .comment       0x00000030       0x31 c:/program files (x86)/atmel/studio/7.0/toolchain/avr8/avr8-gnu-toolchain/bin/../lib/gcc/avr/5.4.0/../../../../avr/lib/avr51\libc.a(printf.o)
 .comment       0x00000030       0x31 c:/program files (x86)/atmel/studio/7.0/toolchain/avr8/avr8-gnu-toolchain/bin/../lib/gcc/avr/5.4.0/../../../../avr/lib/avr51\libc.a(puts.o)
 .comment       0x00000030       0x31 c:/program files (x86)/atmel/studio/7.0/toolchain/avr8/avr8-gnu-toolchain/bin/../lib/gcc/avr/5.4.0/../../../../avr/lib/avr51\libc.a(sprintf.o)
 .comment       0x00000030       0x2c c:/program files (x86)/atmel/studio/7.0/toolchain/avr8/avr8-gnu-toolchain/bin/../lib/gcc/avr/5.4.0/../../../../avr/lib/avr51\libc.a(vfprintf_std.o)
                                 0x2d (size before relaxing)
 .comment       0x0000005c       0x31 c:/program files (x86)/atmel/studio/7.0/toolchain/avr8/avr8-gnu-toolchain/bin/../lib/gcc/avr/5.4.0/../../../../avr/lib/avr51\libc.a(fputc.o)
 .comment       0x0000005c       0x31 c:/program files (x86)/atmel/studio/7.0/toolchain/avr8/avr8-gnu-toolchain/bin/../lib/gcc/avr/5.4.0/../../../../avr/lib/avr51\libc.a(iob.o)

.note.gnu.avr.deviceinfo
                0x00000000       0x40
 .note.gnu.avr.deviceinfo
                0x00000000       0x40 C:/Program Files (x86)/Atmel/Studio/7.0/Packs/atmel/ATmega_DFP/1.7.374/gcc/dev/atmega128a/avr51/crtatmega128a.o

.note.gnu.build-id
 *(.note.gnu.build-id)

.debug
 *(.debug)

.line
 *(.line)

.debug_srcinfo
 *(.debug_srcinfo)

.debug_sfnames
 *(.debug_sfnames)

.debug_aranges  0x00000000      0x420
 *(.debug_aranges)
 .debug_aranges
                0x00000000       0x38 ap/apMain.o
 .debug_aranges
                0x00000038       0x48 ap/listener/listener.o
 .debug_aranges
                0x00000080       0x28 ap/model/model_fanModeState.o
 .debug_aranges
                0x000000a8       0x28 ap/model/model_timerModeState.o
 .debug_aranges
                0x000000d0       0x28 ap/model/model_timerSecNFlag.o
 .debug_aranges
                0x000000f8       0x30 ap/presenter/presenter.o
 .debug_aranges
                0x00000128       0x20 ap/service/service_fanModeCare.o
 .debug_aranges
                0x00000148       0x28 ap/service/service_timerModeCare.o
 .debug_aranges
                0x00000170       0x28 driver/button/Button.o
 .debug_aranges
                0x00000198       0x48 driver/buzzer/buzzer.o
 .debug_aranges
                0x000001e0       0x50 driver/FND/FND.o
 .debug_aranges
                0x00000230       0x88 driver/LCD/LCD.o
 .debug_aranges
                0x000002b8       0x40 driver/motor/motor.o
 .debug_aranges
                0x000002f8       0x20 main.o
 .debug_aranges
                0x00000318       0x48 periph/GPIO/GPIO.o
 .debug_aranges
                0x00000360       0x28 periph/timer/TIM.o
 .debug_aranges
                0x00000388       0x98 periph/UART0/UART0_Queue.o

.debug_pubnames
 *(.debug_pubnames)

.debug_info     0x00000000     0x369a
 *(.debug_info .gnu.linkonce.wi.*)
 .debug_info    0x00000000      0x780 C:/Program Files (x86)/Atmel/Studio/7.0/Packs/atmel/ATmega_DFP/1.7.374/gcc/dev/atmega128a/avr51/crtatmega128a.o
 .debug_info    0x00000780      0x2ca ap/apMain.o
 .debug_info    0x00000a4a      0xa51 ap/listener/listener.o
 .debug_info    0x0000149b       0xc0 ap/model/model_fanModeState.o
 .debug_info    0x0000155b       0xc0 ap/model/model_timerModeState.o
 .debug_info    0x0000161b       0xc0 ap/model/model_timerSecNFlag.o
 .debug_info    0x000016db      0x4b3 ap/presenter/presenter.o
 .debug_info    0x00001b8e      0x135 ap/service/service_fanModeCare.o
 .debug_info    0x00001cc3      0x2b0 ap/service/service_timerModeCare.o
 .debug_info    0x00001f73      0x299 driver/button/Button.o
 .debug_info    0x0000220c      0x346 driver/buzzer/buzzer.o
 .debug_info    0x00002552      0x1a0 driver/FND/FND.o
 .debug_info    0x000026f2      0x728 driver/LCD/LCD.o
 .debug_info    0x00002e1a      0x169 driver/motor/motor.o
 .debug_info    0x00002f83       0xb5 main.o
 .debug_info    0x00003038      0x20e periph/GPIO/GPIO.o
 .debug_info    0x00003246       0x97 periph/timer/TIM.o
 .debug_info    0x000032dd      0x3bd periph/UART0/UART0_Queue.o

.debug_abbrev   0x00000000     0x1814
 *(.debug_abbrev)
 .debug_abbrev  0x00000000      0x718 C:/Program Files (x86)/Atmel/Studio/7.0/Packs/atmel/ATmega_DFP/1.7.374/gcc/dev/atmega128a/avr51/crtatmega128a.o
 .debug_abbrev  0x00000718       0xed ap/apMain.o
 .debug_abbrev  0x00000805      0x1db ap/listener/listener.o
 .debug_abbrev  0x000009e0       0x8b ap/model/model_fanModeState.o
 .debug_abbrev  0x00000a6b       0x8b ap/model/model_timerModeState.o
 .debug_abbrev  0x00000af6       0x8b ap/model/model_timerSecNFlag.o
 .debug_abbrev  0x00000b81      0x140 ap/presenter/presenter.o
 .debug_abbrev  0x00000cc1       0xc4 ap/service/service_fanModeCare.o
 .debug_abbrev  0x00000d85      0x100 ap/service/service_timerModeCare.o
 .debug_abbrev  0x00000e85      0x191 driver/button/Button.o
 .debug_abbrev  0x00001016      0x132 driver/buzzer/buzzer.o
 .debug_abbrev  0x00001148       0xf6 driver/FND/FND.o
 .debug_abbrev  0x0000123e      0x18b driver/LCD/LCD.o
 .debug_abbrev  0x000013c9       0xe6 driver/motor/motor.o
 .debug_abbrev  0x000014af       0x68 main.o
 .debug_abbrev  0x00001517       0xed periph/GPIO/GPIO.o
 .debug_abbrev  0x00001604       0x4f periph/timer/TIM.o
 .debug_abbrev  0x00001653      0x1c1 periph/UART0/UART0_Queue.o

.debug_line     0x00000000     0x2295
 *(.debug_line .debug_line.* .debug_line_end)
 .debug_line    0x00000000      0x16a C:/Program Files (x86)/Atmel/Studio/7.0/Packs/atmel/ATmega_DFP/1.7.374/gcc/dev/atmega128a/avr51/crtatmega128a.o
 .debug_line    0x0000016a      0x294 ap/apMain.o
 .debug_line    0x000003fe      0x51e ap/listener/listener.o
 .debug_line    0x0000091c       0xca ap/model/model_fanModeState.o
 .debug_line    0x000009e6       0xcc ap/model/model_timerModeState.o
 .debug_line    0x00000ab2       0xcb ap/model/model_timerSecNFlag.o
 .debug_line    0x00000b7d      0x31f ap/presenter/presenter.o
 .debug_line    0x00000e9c      0x148 ap/service/service_fanModeCare.o
 .debug_line    0x00000fe4      0x26e ap/service/service_timerModeCare.o
 .debug_line    0x00001252      0x1da driver/button/Button.o
 .debug_line    0x0000142c      0x23b driver/buzzer/buzzer.o
 .debug_line    0x00001667      0x1e7 driver/FND/FND.o
 .debug_line    0x0000184e      0x353 driver/LCD/LCD.o
 .debug_line    0x00001ba1      0x16e driver/motor/motor.o
 .debug_line    0x00001d0f       0x5b main.o
 .debug_line    0x00001d6a      0x151 periph/GPIO/GPIO.o
 .debug_line    0x00001ebb       0xdd periph/timer/TIM.o
 .debug_line    0x00001f98      0x2fd periph/UART0/UART0_Queue.o

.debug_frame    0x00000000      0x81c
 *(.debug_frame)
 .debug_frame   0x00000000       0xe4 ap/apMain.o
 .debug_frame   0x000000e4       0xd0 ap/listener/listener.o
 .debug_frame   0x000001b4       0x34 ap/model/model_fanModeState.o
 .debug_frame   0x000001e8       0x34 ap/model/model_timerModeState.o
 .debug_frame   0x0000021c       0x34 ap/model/model_timerSecNFlag.o
 .debug_frame   0x00000250       0x70 ap/presenter/presenter.o
 .debug_frame   0x000002c0       0x24 ap/service/service_fanModeCare.o
 .debug_frame   0x000002e4       0x40 ap/service/service_timerModeCare.o
 .debug_frame   0x00000324       0x34 driver/button/Button.o
 .debug_frame   0x00000358       0x8c driver/buzzer/buzzer.o
 .debug_frame   0x000003e4       0xa0 driver/FND/FND.o
 .debug_frame   0x00000484      0x124 driver/LCD/LCD.o
 .debug_frame   0x000005a8       0x64 driver/motor/motor.o
 .debug_frame   0x0000060c       0x24 main.o
 .debug_frame   0x00000630       0x74 periph/GPIO/GPIO.o
 .debug_frame   0x000006a4       0x34 periph/timer/TIM.o
 .debug_frame   0x000006d8      0x144 periph/UART0/UART0_Queue.o

.debug_str      0x00000000      0xdf3
 *(.debug_str)
 .debug_str     0x00000000      0x27d C:/Program Files (x86)/Atmel/Studio/7.0/Packs/atmel/ATmega_DFP/1.7.374/gcc/dev/atmega128a/avr51/crtatmega128a.o
 .debug_str     0x0000027d      0x2e8 ap/apMain.o
                                0x321 (size before relaxing)
 .debug_str     0x00000565      0x230 ap/listener/listener.o
                                0x40a (size before relaxing)
 .debug_str     0x00000795       0x38 ap/model/model_fanModeState.o
                                0x1c6 (size before relaxing)
 .debug_str     0x000007cd       0x23 ap/model/model_timerModeState.o
                                0x1eb (size before relaxing)
 .debug_str     0x000007f0       0x42 ap/model/model_timerSecNFlag.o
                                0x1b8 (size before relaxing)
 .debug_str     0x00000832      0x122 ap/presenter/presenter.o
                                0x37d (size before relaxing)
 .debug_str     0x00000954       0x2d ap/service/service_fanModeCare.o
                                0x236 (size before relaxing)
 .debug_str     0x00000981       0x59 ap/service/service_timerModeCare.o
                                0x313 (size before relaxing)
 .debug_str     0x000009da       0x90 driver/button/Button.o
                                0x276 (size before relaxing)
 .debug_str     0x00000a6a       0x6e driver/buzzer/buzzer.o
                                0x245 (size before relaxing)
 .debug_str     0x00000ad8       0x52 driver/FND/FND.o
                                0x22e (size before relaxing)
 .debug_str     0x00000b2a      0x124 driver/LCD/LCD.o
                                0x32d (size before relaxing)
 .debug_str     0x00000c4e       0x30 driver/motor/motor.o
                                0x209 (size before relaxing)
 .debug_str     0x00000c7e       0x11 main.o
                                0x17f (size before relaxing)
 .debug_str     0x00000c8f       0x3b periph/GPIO/GPIO.o
                                0x22d (size before relaxing)
 .debug_str     0x00000cca       0x16 periph/timer/TIM.o
                                0x1a5 (size before relaxing)
 .debug_str     0x00000ce0      0x113 periph/UART0/UART0_Queue.o
                                0x2dd (size before relaxing)

.debug_loc      0x00000000     0x132b
 *(.debug_loc)
 .debug_loc     0x00000000      0x1b4 ap/apMain.o
 .debug_loc     0x000001b4      0x2a9 ap/listener/listener.o
 .debug_loc     0x0000045d      0x1fc ap/presenter/presenter.o
 .debug_loc     0x00000659       0x2d ap/service/service_fanModeCare.o
 .debug_loc     0x00000686       0xd3 ap/service/service_timerModeCare.o
 .debug_loc     0x00000759      0x177 driver/button/Button.o
 .debug_loc     0x000008d0      0x244 driver/buzzer/buzzer.o
 .debug_loc     0x00000b14       0x97 driver/FND/FND.o
 .debug_loc     0x00000bab      0x437 driver/LCD/LCD.o
 .debug_loc     0x00000fe2       0xae driver/motor/motor.o
 .debug_loc     0x00001090       0x88 periph/GPIO/GPIO.o
 .debug_loc     0x00001118      0x213 periph/UART0/UART0_Queue.o

.debug_macinfo
 *(.debug_macinfo)

.debug_weaknames
 *(.debug_weaknames)

.debug_funcnames
 *(.debug_funcnames)

.debug_typenames
 *(.debug_typenames)

.debug_varnames
 *(.debug_varnames)

.debug_pubtypes
 *(.debug_pubtypes)

.debug_ranges   0x00000000      0x310
 *(.debug_ranges)
 .debug_ranges  0x00000000       0x28 ap/apMain.o
 .debug_ranges  0x00000028       0x38 ap/listener/listener.o
 .debug_ranges  0x00000060       0x18 ap/model/model_fanModeState.o
 .debug_ranges  0x00000078       0x18 ap/model/model_timerModeState.o
 .debug_ranges  0x00000090       0x18 ap/model/model_timerSecNFlag.o
 .debug_ranges  0x000000a8       0x20 ap/presenter/presenter.o
 .debug_ranges  0x000000c8       0x10 ap/service/service_fanModeCare.o
 .debug_ranges  0x000000d8       0x18 ap/service/service_timerModeCare.o
 .debug_ranges  0x000000f0       0x18 driver/button/Button.o
 .debug_ranges  0x00000108       0x38 driver/buzzer/buzzer.o
 .debug_ranges  0x00000140       0x40 driver/FND/FND.o
 .debug_ranges  0x00000180       0x78 driver/LCD/LCD.o
 .debug_ranges  0x000001f8       0x30 driver/motor/motor.o
 .debug_ranges  0x00000228       0x10 main.o
 .debug_ranges  0x00000238       0x38 periph/GPIO/GPIO.o
 .debug_ranges  0x00000270       0x18 periph/timer/TIM.o
 .debug_ranges  0x00000288       0x88 periph/UART0/UART0_Queue.o

.debug_macro
 *(.debug_macro)
OUTPUT(MiniProject_240806.elf elf32-avr)
LOAD linker stubs
